# Creates an empty graph and adds 2 nodes to it

# Create a graph
created graph graph

# Add a node to graph
added node node1 to graph

# Add another node to graph
added node node2 to graph