# Creates 2 empty graphs

# Create a graph
created graph graph1

# Create another graph
created graph graph2