# Creates a graph. Initially has no nodes and edges

# Create a graph
created graph graph