# Creates an empty graph, adds 2 nodes to it,
# and lists the nodes

# Create a graph
created graph graph

# Add a node to graph
added node node1 to graph

# Add another node to graph
added node node2 to graph

# List the nodes in the graph
graph contains: node1 node2